[33m[nodemon] 3.1.11[39m
[33m[nodemon] to restart at any time, enter `rs`[39m
[33m[nodemon] watching path(s): *.*[39m
[33m[nodemon] watching extensions: js,mjs,cjs,json[39m
[32m[nodemon] starting `node server.js`[39m
Service game-engine running
[32m[nodemon] restarting due to changes...[39m
[32m[nodemon] starting `node server.js`[39m
Service game-engine running
[32m[nodemon] restarting due to changes...[39m
[32m[nodemon] starting `node server.js`[39m
Service game-engine running
[32m[nodemon] restarting due to changes...[39m
[32m[nodemon] starting `node server.js`[39m
Service game-engine running
[32m[nodemon] restarting due to changes...[39m
[32m[nodemon] starting `node server.js`[39m
Service game-engine running
[32m[nodemon] restarting due to changes...[39m
[32m[nodemon] starting `node server.js`[39m
[32m[nodemon] restarting due to changes...[39m
[32m[nodemon] starting `node server.js`[39m
Service game-engine running
[32m[nodemon] restarting due to changes...[39m
[32m[nodemon] starting `node server.js`[39m
[32m[nodemon] restarting due to changes...[39m
[32m[nodemon] starting `node server.js`[39m
Service game-engine running
[32m[nodemon] restarting due to changes...[39m
[32m[nodemon] starting `node server.js`[39m
[32m[nodemon] restarting due to changes...[39m
[32m[nodemon] starting `node server.js`[39m
Service game-engine running
[32m[nodemon] restarting due to changes...[39m
[32m[nodemon] starting `node server.js`[39m
[32m[nodemon] restarting due to changes...[39m
[32m[nodemon] starting `node server.js`[39m
Service game-engine running
