Using bundled JDK: /usr/share/logstash/jdk
Sending Logstash logs to /usr/share/logstash/logs which is now configured via log4j2.properties
[2025-06-22T05:39:06,712][INFO ][logstash.runner          ] Log4j configuration path used is: /usr/share/logstash/config/log4j2.properties
[2025-06-22T05:39:06,725][INFO ][logstash.runner          ] Starting Logstash {"logstash.version"=>"7.17.10", "jruby.version"=>"jruby 9.2.20.1 (2.5.8) 2021-11-30 2a2962fbd1 OpenJDK 64-Bit Server VM 11.0.19+7 on 11.0.19+7 +indy +jit [linux-x86_64]"}
[2025-06-22T05:39:06,729][INFO ][logstash.runner          ] JVM bootstrap flags: [-Xms1g, -Xmx1g, -XX:+UseConcMarkSweepGC, -XX:CMSInitiatingOccupancyFraction=75, -XX:+UseCMSInitiatingOccupancyOnly, -Djava.awt.headless=true, -Dfile.encoding=UTF-8, -Djdk.io.File.enableADS=true, -Djruby.compile.invokedynamic=true, -Djruby.jit.threshold=0, -Djruby.regexp.interruptible=true, -XX:+HeapDumpOnOutOfMemoryError, -Djava.security.egd=file:/dev/urandom, -Dlog4j2.isThreadContextMapInheritable=true, -Dls.cgroup.cpuacct.path.override=/, -Dls.cgroup.cpu.path.override=/]
[2025-06-22T05:39:06,795][INFO ][logstash.settings        ] Creating directory {:setting=>"path.queue", :path=>"/usr/share/logstash/data/queue"}
[2025-06-22T05:39:06,812][INFO ][logstash.settings        ] Creating directory {:setting=>"path.dead_letter_queue", :path=>"/usr/share/logstash/data/dead_letter_queue"}
[2025-06-22T05:39:07,783][INFO ][logstash.agent           ] No persistent UUID file found. Generating new UUID {:uuid=>"1db7b0b4-7b31-487a-be5d-e17954ef81b5", :path=>"/usr/share/logstash/data/uuid"}
[2025-06-22T05:39:09,821][WARN ][logstash.monitoringextension.pipelineregisterhook] xpack.monitoring.enabled has not been defined, but found elasticsearch configuration. Please explicitly set `xpack.monitoring.enabled: true` in logstash.yml
[2025-06-22T05:39:09,828][WARN ][deprecation.logstash.monitoringextension.pipelineregisterhook] Internal collectors option for Logstash monitoring is deprecated and may be removed in a future release.
Please configure Metricbeat to monitor Logstash. Documentation can be found at: 
https://www.elastic.co/guide/en/logstash/current/monitoring-with-metricbeat.html
[2025-06-22T05:39:11,071][WARN ][deprecation.logstash.codecs.plain] Relying on default value of `pipeline.ecs_compatibility`, which may change in a future major release of Logstash. To avoid unexpected changes when upgrading Logstash, please explicitly declare your desired ECS Compatibility mode.
[2025-06-22T05:39:11,205][WARN ][deprecation.logstash.outputs.elasticsearch] Relying on default value of `pipeline.ecs_compatibility`, which may change in a future major release of Logstash. To avoid unexpected changes when upgrading Logstash, please explicitly declare your desired ECS Compatibility mode.
[2025-06-22T05:39:11,872][INFO ][logstash.licensechecker.licensereader] Elasticsearch pool URLs updated {:changes=>{:removed=>[], :added=>[http://elasticsearch:9200/]}}
[2025-06-22T05:39:12,286][WARN ][logstash.licensechecker.licensereader] Attempted to resurrect connection to dead ES instance, but got an error {:url=>"http://elasticsearch:9200/", :exception=>LogStash::Outputs::ElasticSearch::HttpClient::Pool::BadResponseCodeError, :message=>"Got response code '401' contacting Elasticsearch at URL 'http://elasticsearch:9200/'"}
[2025-06-22T05:39:12,491][ERROR][logstash.licensechecker.licensereader] Unable to retrieve license information from license server {:message=>"Got response code '401' contacting Elasticsearch at URL 'http://elasticsearch:9200/_xpack'"}
[2025-06-22T05:39:12,559][ERROR][logstash.monitoring.internalpipelinesource] Failed to fetch X-Pack information from Elasticsearch. This is likely due to failure to reach a live Elasticsearch cluster.
[2025-06-22T05:39:13,611][INFO ][logstash.agent           ] Successfully started Logstash API endpoint {:port=>9600, :ssl_enabled=>false}
[2025-06-22T05:39:16,375][INFO ][org.reflections.Reflections] Reflections took 127 ms to scan 1 urls, producing 119 keys and 419 values 
[2025-06-22T05:39:17,119][WARN ][deprecation.logstash.codecs.plain] Relying on default value of `pipeline.ecs_compatibility`, which may change in a future major release of Logstash. To avoid unexpected changes when upgrading Logstash, please explicitly declare your desired ECS Compatibility mode.
[2025-06-22T05:39:17,416][WARN ][deprecation.logstash.codecs.plain] Relying on default value of `pipeline.ecs_compatibility`, which may change in a future major release of Logstash. To avoid unexpected changes when upgrading Logstash, please explicitly declare your desired ECS Compatibility mode.
[2025-06-22T05:39:17,485][WARN ][deprecation.logstash.inputs.file] Relying on default value of `pipeline.ecs_compatibility`, which may change in a future major release of Logstash. To avoid unexpected changes when upgrading Logstash, please explicitly declare your desired ECS Compatibility mode.
[2025-06-22T05:39:18,128][WARN ][deprecation.logstash.codecs.plain] Relying on default value of `pipeline.ecs_compatibility`, which may change in a future major release of Logstash. To avoid unexpected changes when upgrading Logstash, please explicitly declare your desired ECS Compatibility mode.
[2025-06-22T05:39:18,210][WARN ][deprecation.logstash.outputs.elasticsearch] Relying on default value of `pipeline.ecs_compatibility`, which may change in a future major release of Logstash. To avoid unexpected changes when upgrading Logstash, please explicitly declare your desired ECS Compatibility mode.
[2025-06-22T05:39:18,434][INFO ][logstash.outputs.elasticsearch][main] New Elasticsearch output {:class=>"LogStash::Outputs::ElasticSearch", :hosts=>["http://elasticsearch:9200"]}
[2025-06-22T05:39:18,524][INFO ][logstash.outputs.elasticsearch][main] Elasticsearch pool URLs updated {:changes=>{:removed=>[], :added=>[http://elastic:xxxxxx@elasticsearch:9200/]}}
[2025-06-22T05:39:19,113][WARN ][logstash.outputs.elasticsearch][main] Restored connection to ES instance {:url=>"http://elastic:xxxxxx@elasticsearch:9200/"}
[2025-06-22T05:39:19,248][INFO ][logstash.outputs.elasticsearch][main] Elasticsearch version determined (7.17.10) {:es_version=>7}
[2025-06-22T05:39:19,256][WARN ][logstash.outputs.elasticsearch][main] Detected a 6.x and above cluster: the `type` event field won't be used to determine the document _type {:es_version=>7}
[2025-06-22T05:39:19,669][INFO ][logstash.outputs.elasticsearch][main] Config is not compliant with data streams. `data_stream => auto` resolved to `false`
[2025-06-22T05:39:19,675][INFO ][logstash.outputs.elasticsearch][main] Config is not compliant with data streams. `data_stream => auto` resolved to `false`
[2025-06-22T05:39:19,757][WARN ][deprecation.logstash.filters.grok][main] Relying on default value of `pipeline.ecs_compatibility`, which may change in a future major release of Logstash. To avoid unexpected changes when upgrading Logstash, please explicitly declare your desired ECS Compatibility mode.
[2025-06-22T05:39:19,751][INFO ][logstash.outputs.elasticsearch][main] Using a default mapping template {:es_version=>7, :ecs_compatibility=>:disabled}
[2025-06-22T05:39:20,228][WARN ][deprecation.logstash.filters.grok][main] Relying on default value of `pipeline.ecs_compatibility`, which may change in a future major release of Logstash. To avoid unexpected changes when upgrading Logstash, please explicitly declare your desired ECS Compatibility mode.
[2025-06-22T05:39:20,393][INFO ][logstash.javapipeline    ][main] Starting pipeline {:pipeline_id=>"main", "pipeline.workers"=>4, "pipeline.batch.size"=>125, "pipeline.batch.delay"=>50, "pipeline.max_inflight"=>500, "pipeline.sources"=>["/usr/share/logstash/pipeline/logstash.conf"], :thread=>"#<Thread:0x9cbd40f run>"}
[2025-06-22T05:39:23,223][INFO ][logstash.javapipeline    ][main] Pipeline Java execution initialization time {"seconds"=>2.82}
[2025-06-22T05:39:23,318][INFO ][logstash.javapipeline    ][main] Pipeline started {"pipeline.id"=>"main"}
[2025-06-22T05:39:23,437][INFO ][logstash.agent           ] Pipelines running {:count=>1, :running_pipelines=>[:main], :non_running_pipelines=>[]}
[2025-06-22T05:39:23,490][INFO ][filewatch.observingtail  ][main][13953744ffa051dbd6c5f0d0aae17077abbc0e8a4dadbc1de1c5301d921be992] START, creating Discoverer, Watch with file and sincedb collections
[2025-06-22T05:39:42,535][ERROR][logstash.licensechecker.licensereader] Unable to retrieve license information from license server {:message=>"Got response code '401' contacting Elasticsearch at URL 'http://elasticsearch:9200/_xpack'"}
[2025-06-22T05:39:43,173][WARN ][logstash.licensechecker.licensereader] Attempted to resurrect connection to dead ES instance, but got an error {:url=>"http://elasticsearch:9200/", :exception=>LogStash::Outputs::ElasticSearch::HttpClient::Pool::BadResponseCodeError, :message=>"Got response code '401' contacting Elasticsearch at URL 'http://elasticsearch:9200/'"}
[2025-06-22T05:40:12,533][ERROR][logstash.licensechecker.licensereader] Unable to retrieve license information from license server {:message=>"Got response code '401' contacting Elasticsearch at URL 'http://elasticsearch:9200/_xpack'"}
[2025-06-22T05:40:13,245][WARN ][logstash.licensechecker.licensereader] Attempted to resurrect connection to dead ES instance, but got an error {:url=>"http://elasticsearch:9200/", :exception=>LogStash::Outputs::ElasticSearch::HttpClient::Pool::BadResponseCodeError, :message=>"Got response code '401' contacting Elasticsearch at URL 'http://elasticsearch:9200/'"}
[2025-06-22T05:40:42,536][ERROR][logstash.licensechecker.licensereader] Unable to retrieve license information from license server {:message=>"Got response code '401' contacting Elasticsearch at URL 'http://elasticsearch:9200/_xpack'"}
[2025-06-22T05:40:43,318][WARN ][logstash.licensechecker.licensereader] Attempted to resurrect connection to dead ES instance, but got an error {:url=>"http://elasticsearch:9200/", :exception=>LogStash::Outputs::ElasticSearch::HttpClient::Pool::BadResponseCodeError, :message=>"Got response code '401' contacting Elasticsearch at URL 'http://elasticsearch:9200/'"}
[2025-06-22T05:41:12,530][ERROR][logstash.licensechecker.licensereader] Unable to retrieve license information from license server {:message=>"Got response code '401' contacting Elasticsearch at URL 'http://elasticsearch:9200/_xpack'"}
[2025-06-22T05:41:13,364][WARN ][logstash.licensechecker.licensereader] Attempted to resurrect connection to dead ES instance, but got an error {:url=>"http://elasticsearch:9200/", :exception=>LogStash::Outputs::ElasticSearch::HttpClient::Pool::BadResponseCodeError, :message=>"Got response code '401' contacting Elasticsearch at URL 'http://elasticsearch:9200/'"}
[2025-06-22T05:41:42,537][ERROR][logstash.licensechecker.licensereader] Unable to retrieve license information from license server {:message=>"Got response code '401' contacting Elasticsearch at URL 'http://elasticsearch:9200/_xpack'"}
[2025-06-22T05:41:43,406][WARN ][logstash.licensechecker.licensereader] Attempted to resurrect connection to dead ES instance, but got an error {:url=>"http://elasticsearch:9200/", :exception=>LogStash::Outputs::ElasticSearch::HttpClient::Pool::BadResponseCodeError, :message=>"Got response code '401' contacting Elasticsearch at URL 'http://elasticsearch:9200/'"}
[2025-06-22T05:42:12,536][ERROR][logstash.licensechecker.licensereader] Unable to retrieve license information from license server {:message=>"Got response code '401' contacting Elasticsearch at URL 'http://elasticsearch:9200/_xpack'"}
[2025-06-22T05:42:13,487][WARN ][logstash.licensechecker.licensereader] Attempted to resurrect connection to dead ES instance, but got an error {:url=>"http://elasticsearch:9200/", :exception=>LogStash::Outputs::ElasticSearch::HttpClient::Pool::BadResponseCodeError, :message=>"Got response code '401' contacting Elasticsearch at URL 'http://elasticsearch:9200/'"}
[2025-06-22T05:42:42,535][ERROR][logstash.licensechecker.licensereader] Unable to retrieve license information from license server {:message=>"Got response code '401' contacting Elasticsearch at URL 'http://elasticsearch:9200/_xpack'"}
[2025-06-22T05:42:44,191][WARN ][logstash.licensechecker.licensereader] Attempted to resurrect connection to dead ES instance, but got an error {:url=>"http://elasticsearch:9200/", :exception=>LogStash::Outputs::ElasticSearch::HttpClient::Pool::BadResponseCodeError, :message=>"Got response code '401' contacting Elasticsearch at URL 'http://elasticsearch:9200/'"}
[2025-06-22T05:43:12,534][ERROR][logstash.licensechecker.licensereader] Unable to retrieve license information from license server {:message=>"Got response code '401' contacting Elasticsearch at URL 'http://elasticsearch:9200/_xpack'"}
[2025-06-22T05:43:14,271][WARN ][logstash.licensechecker.licensereader] Attempted to resurrect connection to dead ES instance, but got an error {:url=>"http://elasticsearch:9200/", :exception=>LogStash::Outputs::ElasticSearch::HttpClient::Pool::BadResponseCodeError, :message=>"Got response code '401' contacting Elasticsearch at URL 'http://elasticsearch:9200/'"}
[2025-06-22T05:43:42,538][ERROR][logstash.licensechecker.licensereader] Unable to retrieve license information from license server {:message=>"Got response code '401' contacting Elasticsearch at URL 'http://elasticsearch:9200/_xpack'"}
[2025-06-22T05:43:44,353][WARN ][logstash.licensechecker.licensereader] Attempted to resurrect connection to dead ES instance, but got an error {:url=>"http://elasticsearch:9200/", :exception=>LogStash::Outputs::ElasticSearch::HttpClient::Pool::BadResponseCodeError, :message=>"Got response code '401' contacting Elasticsearch at URL 'http://elasticsearch:9200/'"}
[2025-06-22T05:44:12,554][ERROR][logstash.licensechecker.licensereader] Unable to retrieve license information from license server {:message=>"Got response code '401' contacting Elasticsearch at URL 'http://elasticsearch:9200/_xpack'"}
[2025-06-22T05:44:14,518][WARN ][logstash.licensechecker.licensereader] Attempted to resurrect connection to dead ES instance, but got an error {:url=>"http://elasticsearch:9200/", :exception=>LogStash::Outputs::ElasticSearch::HttpClient::Pool::BadResponseCodeError, :message=>"Got response code '401' contacting Elasticsearch at URL 'http://elasticsearch:9200/'"}
[2025-06-22T05:44:42,533][ERROR][logstash.licensechecker.licensereader] Unable to retrieve license information from license server {:message=>"Got response code '401' contacting Elasticsearch at URL 'http://elasticsearch:9200/_xpack'"}
[2025-06-22T05:44:44,616][WARN ][logstash.licensechecker.licensereader] Attempted to resurrect connection to dead ES instance, but got an error {:url=>"http://elasticsearch:9200/", :exception=>LogStash::Outputs::ElasticSearch::HttpClient::Pool::BadResponseCodeError, :message=>"Got response code '401' contacting Elasticsearch at URL 'http://elasticsearch:9200/'"}
[2025-06-22T05:45:12,538][ERROR][logstash.licensechecker.licensereader] Unable to retrieve license information from license server {:message=>"Got response code '401' contacting Elasticsearch at URL 'http://elasticsearch:9200/_xpack'"}
[2025-06-22T05:45:14,724][WARN ][logstash.licensechecker.licensereader] Attempted to resurrect connection to dead ES instance, but got an error {:url=>"http://elasticsearch:9200/", :exception=>LogStash::Outputs::ElasticSearch::HttpClient::Pool::BadResponseCodeError, :message=>"Got response code '401' contacting Elasticsearch at URL 'http://elasticsearch:9200/'"}
[2025-06-22T05:45:42,534][ERROR][logstash.licensechecker.licensereader] Unable to retrieve license information from license server {:message=>"Got response code '401' contacting Elasticsearch at URL 'http://elasticsearch:9200/_xpack'"}
[2025-06-22T05:45:44,781][WARN ][logstash.licensechecker.licensereader] Attempted to resurrect connection to dead ES instance, but got an error {:url=>"http://elasticsearch:9200/", :exception=>LogStash::Outputs::ElasticSearch::HttpClient::Pool::BadResponseCodeError, :message=>"Got response code '401' contacting Elasticsearch at URL 'http://elasticsearch:9200/'"}
[2025-06-22T05:46:12,533][ERROR][logstash.licensechecker.licensereader] Unable to retrieve license information from license server {:message=>"Got response code '401' contacting Elasticsearch at URL 'http://elasticsearch:9200/_xpack'"}
[2025-06-22T05:46:14,844][WARN ][logstash.licensechecker.licensereader] Attempted to resurrect connection to dead ES instance, but got an error {:url=>"http://elasticsearch:9200/", :exception=>LogStash::Outputs::ElasticSearch::HttpClient::Pool::BadResponseCodeError, :message=>"Got response code '401' contacting Elasticsearch at URL 'http://elasticsearch:9200/'"}
[2025-06-22T05:46:42,534][ERROR][logstash.licensechecker.licensereader] Unable to retrieve license information from license server {:message=>"Got response code '401' contacting Elasticsearch at URL 'http://elasticsearch:9200/_xpack'"}
[2025-06-22T05:46:45,016][WARN ][logstash.licensechecker.licensereader] Attempted to resurrect connection to dead ES instance, but got an error {:url=>"http://elasticsearch:9200/", :exception=>LogStash::Outputs::ElasticSearch::HttpClient::Pool::BadResponseCodeError, :message=>"Got response code '401' contacting Elasticsearch at URL 'http://elasticsearch:9200/'"}
[2025-06-22T05:47:12,569][ERROR][logstash.licensechecker.licensereader] Unable to retrieve license information from license server {:message=>"Got response code '401' contacting Elasticsearch at URL 'http://elasticsearch:9200/_xpack'"}
[2025-06-22T05:47:15,123][WARN ][logstash.licensechecker.licensereader] Attempted to resurrect connection to dead ES instance, but got an error {:url=>"http://elasticsearch:9200/", :exception=>LogStash::Outputs::ElasticSearch::HttpClient::Pool::BadResponseCodeError, :message=>"Got response code '401' contacting Elasticsearch at URL 'http://elasticsearch:9200/'"}
[2025-06-22T05:47:42,555][ERROR][logstash.licensechecker.licensereader] Unable to retrieve license information from license server {:message=>"Got response code '401' contacting Elasticsearch at URL 'http://elasticsearch:9200/_xpack'"}
[2025-06-22T05:47:45,174][WARN ][logstash.licensechecker.licensereader] Attempted to resurrect connection to dead ES instance, but got an error {:url=>"http://elasticsearch:9200/", :exception=>LogStash::Outputs::ElasticSearch::HttpClient::Pool::BadResponseCodeError, :message=>"Got response code '401' contacting Elasticsearch at URL 'http://elasticsearch:9200/'"}
[2025-06-22T05:48:12,541][ERROR][logstash.licensechecker.licensereader] Unable to retrieve license information from license server {:message=>"Got response code '401' contacting Elasticsearch at URL 'http://elasticsearch:9200/_xpack'"}
[2025-06-22T05:48:15,256][WARN ][logstash.licensechecker.licensereader] Attempted to resurrect connection to dead ES instance, but got an error {:url=>"http://elasticsearch:9200/", :exception=>LogStash::Outputs::ElasticSearch::HttpClient::Pool::BadResponseCodeError, :message=>"Got response code '401' contacting Elasticsearch at URL 'http://elasticsearch:9200/'"}
[2025-06-22T05:48:42,537][ERROR][logstash.licensechecker.licensereader] Unable to retrieve license information from license server {:message=>"Got response code '401' contacting Elasticsearch at URL 'http://elasticsearch:9200/_xpack'"}
[2025-06-22T05:48:45,365][WARN ][logstash.licensechecker.licensereader] Attempted to resurrect connection to dead ES instance, but got an error {:url=>"http://elasticsearch:9200/", :exception=>LogStash::Outputs::ElasticSearch::HttpClient::Pool::BadResponseCodeError, :message=>"Got response code '401' contacting Elasticsearch at URL 'http://elasticsearch:9200/'"}
[2025-06-22T05:49:12,533][ERROR][logstash.licensechecker.licensereader] Unable to retrieve license information from license server {:message=>"Got response code '401' contacting Elasticsearch at URL 'http://elasticsearch:9200/_xpack'"}
[2025-06-22T05:49:15,639][WARN ][logstash.licensechecker.licensereader] Attempted to resurrect connection to dead ES instance, but got an error {:url=>"http://elasticsearch:9200/", :exception=>LogStash::Outputs::ElasticSearch::HttpClient::Pool::BadResponseCodeError, :message=>"Got response code '401' contacting Elasticsearch at URL 'http://elasticsearch:9200/'"}
[2025-06-22T05:49:42,540][ERROR][logstash.licensechecker.licensereader] Unable to retrieve license information from license server {:message=>"Got response code '401' contacting Elasticsearch at URL 'http://elasticsearch:9200/_xpack'"}
[2025-06-22T05:49:45,699][WARN ][logstash.licensechecker.licensereader] Attempted to resurrect connection to dead ES instance, but got an error {:url=>"http://elasticsearch:9200/", :exception=>LogStash::Outputs::ElasticSearch::HttpClient::Pool::BadResponseCodeError, :message=>"Got response code '401' contacting Elasticsearch at URL 'http://elasticsearch:9200/'"}
[2025-06-22T05:50:12,534][ERROR][logstash.licensechecker.licensereader] Unable to retrieve license information from license server {:message=>"Got response code '401' contacting Elasticsearch at URL 'http://elasticsearch:9200/_xpack'"}
[2025-06-22T05:50:16,108][WARN ][logstash.licensechecker.licensereader] Attempted to resurrect connection to dead ES instance, but got an error {:url=>"http://elasticsearch:9200/", :exception=>LogStash::Outputs::ElasticSearch::HttpClient::Pool::BadResponseCodeError, :message=>"Got response code '401' contacting Elasticsearch at URL 'http://elasticsearch:9200/'"}
[2025-06-22T05:50:42,554][ERROR][logstash.licensechecker.licensereader] Unable to retrieve license information from license server {:message=>"Got response code '401' contacting Elasticsearch at URL 'http://elasticsearch:9200/_xpack'"}
[2025-06-22T05:50:46,197][WARN ][logstash.licensechecker.licensereader] Attempted to resurrect connection to dead ES instance, but got an error {:url=>"http://elasticsearch:9200/", :exception=>LogStash::Outputs::ElasticSearch::HttpClient::Pool::BadResponseCodeError, :message=>"Got response code '401' contacting Elasticsearch at URL 'http://elasticsearch:9200/'"}
[2025-06-22T05:51:12,532][ERROR][logstash.licensechecker.licensereader] Unable to retrieve license information from license server {:message=>"Got response code '401' contacting Elasticsearch at URL 'http://elasticsearch:9200/_xpack'"}
[2025-06-22T05:51:16,452][WARN ][logstash.licensechecker.licensereader] Attempted to resurrect connection to dead ES instance, but got an error {:url=>"http://elasticsearch:9200/", :exception=>LogStash::Outputs::ElasticSearch::HttpClient::Pool::BadResponseCodeError, :message=>"Got response code '401' contacting Elasticsearch at URL 'http://elasticsearch:9200/'"}
[2025-06-22T05:51:42,533][ERROR][logstash.licensechecker.licensereader] Unable to retrieve license information from license server {:message=>"Got response code '401' contacting Elasticsearch at URL 'http://elasticsearch:9200/_xpack'"}
[2025-06-22T05:51:46,586][WARN ][logstash.licensechecker.licensereader] Attempted to resurrect connection to dead ES instance, but got an error {:url=>"http://elasticsearch:9200/", :exception=>LogStash::Outputs::ElasticSearch::HttpClient::Pool::BadResponseCodeError, :message=>"Got response code '401' contacting Elasticsearch at URL 'http://elasticsearch:9200/'"}
[2025-06-22T05:52:12,546][ERROR][logstash.licensechecker.licensereader] Unable to retrieve license information from license server {:message=>"Got response code '401' contacting Elasticsearch at URL 'http://elasticsearch:9200/_xpack'"}
[2025-06-22T05:52:16,781][WARN ][logstash.licensechecker.licensereader] Attempted to resurrect connection to dead ES instance, but got an error {:url=>"http://elasticsearch:9200/", :exception=>LogStash::Outputs::ElasticSearch::HttpClient::Pool::BadResponseCodeError, :message=>"Got response code '401' contacting Elasticsearch at URL 'http://elasticsearch:9200/'"}
[2025-06-22T05:52:42,531][ERROR][logstash.licensechecker.licensereader] Unable to retrieve license information from license server {:message=>"Got response code '401' contacting Elasticsearch at URL 'http://elasticsearch:9200/_xpack'"}
[2025-06-22T05:52:46,865][WARN ][logstash.licensechecker.licensereader] Attempted to resurrect connection to dead ES instance, but got an error {:url=>"http://elasticsearch:9200/", :exception=>LogStash::Outputs::ElasticSearch::HttpClient::Pool::BadResponseCodeError, :message=>"Got response code '401' contacting Elasticsearch at URL 'http://elasticsearch:9200/'"}
[2025-06-22T05:53:12,542][ERROR][logstash.licensechecker.licensereader] Unable to retrieve license information from license server {:message=>"Got response code '401' contacting Elasticsearch at URL 'http://elasticsearch:9200/_xpack'"}
[2025-06-22T05:53:17,109][WARN ][logstash.licensechecker.licensereader] Attempted to resurrect connection to dead ES instance, but got an error {:url=>"http://elasticsearch:9200/", :exception=>LogStash::Outputs::ElasticSearch::HttpClient::Pool::BadResponseCodeError, :message=>"Got response code '401' contacting Elasticsearch at URL 'http://elasticsearch:9200/'"}
[2025-06-22T05:53:42,545][ERROR][logstash.licensechecker.licensereader] Unable to retrieve license information from license server {:message=>"Got response code '401' contacting Elasticsearch at URL 'http://elasticsearch:9200/_xpack'"}
[2025-06-22T05:53:47,208][WARN ][logstash.licensechecker.licensereader] Attempted to resurrect connection to dead ES instance, but got an error {:url=>"http://elasticsearch:9200/", :exception=>LogStash::Outputs::ElasticSearch::HttpClient::Pool::BadResponseCodeError, :message=>"Got response code '401' contacting Elasticsearch at URL 'http://elasticsearch:9200/'"}
[2025-06-22T05:54:12,531][ERROR][logstash.licensechecker.licensereader] Unable to retrieve license information from license server {:message=>"Got response code '401' contacting Elasticsearch at URL 'http://elasticsearch:9200/_xpack'"}
[2025-06-22T05:54:17,335][WARN ][logstash.licensechecker.licensereader] Attempted to resurrect connection to dead ES instance, but got an error {:url=>"http://elasticsearch:9200/", :exception=>LogStash::Outputs::ElasticSearch::HttpClient::Pool::BadResponseCodeError, :message=>"Got response code '401' contacting Elasticsearch at URL 'http://elasticsearch:9200/'"}
[2025-06-22T05:54:42,533][ERROR][logstash.licensechecker.licensereader] Unable to retrieve license information from license server {:message=>"Got response code '401' contacting Elasticsearch at URL 'http://elasticsearch:9200/_xpack'"}
[2025-06-22T05:54:47,911][WARN ][logstash.licensechecker.licensereader] Attempted to resurrect connection to dead ES instance, but got an error {:url=>"http://elasticsearch:9200/", :exception=>LogStash::Outputs::ElasticSearch::HttpClient::Pool::BadResponseCodeError, :message=>"Got response code '401' contacting Elasticsearch at URL 'http://elasticsearch:9200/'"}
[2025-06-22T05:55:12,537][ERROR][logstash.licensechecker.licensereader] Unable to retrieve license information from license server {:message=>"Got response code '401' contacting Elasticsearch at URL 'http://elasticsearch:9200/_xpack'"}
[2025-06-22T05:55:17,958][WARN ][logstash.licensechecker.licensereader] Attempted to resurrect connection to dead ES instance, but got an error {:url=>"http://elasticsearch:9200/", :exception=>LogStash::Outputs::ElasticSearch::HttpClient::Pool::BadResponseCodeError, :message=>"Got response code '401' contacting Elasticsearch at URL 'http://elasticsearch:9200/'"}
[2025-06-22T05:55:42,542][ERROR][logstash.licensechecker.licensereader] Unable to retrieve license information from license server {:message=>"Got response code '401' contacting Elasticsearch at URL 'http://elasticsearch:9200/_xpack'"}
[2025-06-22T05:55:48,021][WARN ][logstash.licensechecker.licensereader] Attempted to resurrect connection to dead ES instance, but got an error {:url=>"http://elasticsearch:9200/", :exception=>LogStash::Outputs::ElasticSearch::HttpClient::Pool::BadResponseCodeError, :message=>"Got response code '401' contacting Elasticsearch at URL 'http://elasticsearch:9200/'"}
[2025-06-22T05:56:12,530][ERROR][logstash.licensechecker.licensereader] Unable to retrieve license information from license server {:message=>"Got response code '401' contacting Elasticsearch at URL 'http://elasticsearch:9200/_xpack'"}
[2025-06-22T05:56:18,161][WARN ][logstash.licensechecker.licensereader] Attempted to resurrect connection to dead ES instance, but got an error {:url=>"http://elasticsearch:9200/", :exception=>LogStash::Outputs::ElasticSearch::HttpClient::Pool::BadResponseCodeError, :message=>"Got response code '401' contacting Elasticsearch at URL 'http://elasticsearch:9200/'"}
[2025-06-22T05:56:42,530][ERROR][logstash.licensechecker.licensereader] Unable to retrieve license information from license server {:message=>"Got response code '401' contacting Elasticsearch at URL 'http://elasticsearch:9200/_xpack'"}
[2025-06-22T05:56:48,295][WARN ][logstash.licensechecker.licensereader] Attempted to resurrect connection to dead ES instance, but got an error {:url=>"http://elasticsearch:9200/", :exception=>LogStash::Outputs::ElasticSearch::HttpClient::Pool::BadResponseCodeError, :message=>"Got response code '401' contacting Elasticsearch at URL 'http://elasticsearch:9200/'"}
[2025-06-22T05:57:12,544][ERROR][logstash.licensechecker.licensereader] Unable to retrieve license information from license server {:message=>"Got response code '401' contacting Elasticsearch at URL 'http://elasticsearch:9200/_xpack'"}
[2025-06-22T05:57:18,377][WARN ][logstash.licensechecker.licensereader] Attempted to resurrect connection to dead ES instance, but got an error {:url=>"http://elasticsearch:9200/", :exception=>LogStash::Outputs::ElasticSearch::HttpClient::Pool::BadResponseCodeError, :message=>"Got response code '401' contacting Elasticsearch at URL 'http://elasticsearch:9200/'"}
[2025-06-22T05:57:42,537][ERROR][logstash.licensechecker.licensereader] Unable to retrieve license information from license server {:message=>"Got response code '401' contacting Elasticsearch at URL 'http://elasticsearch:9200/_xpack'"}
[2025-06-22T05:57:48,423][WARN ][logstash.licensechecker.licensereader] Attempted to resurrect connection to dead ES instance, but got an error {:url=>"http://elasticsearch:9200/", :exception=>LogStash::Outputs::ElasticSearch::HttpClient::Pool::BadResponseCodeError, :message=>"Got response code '401' contacting Elasticsearch at URL 'http://elasticsearch:9200/'"}
[2025-06-22T05:58:12,545][ERROR][logstash.licensechecker.licensereader] Unable to retrieve license information from license server {:message=>"Got response code '401' contacting Elasticsearch at URL 'http://elasticsearch:9200/_xpack'"}
[2025-06-22T05:58:18,557][WARN ][logstash.licensechecker.licensereader] Attempted to resurrect connection to dead ES instance, but got an error {:url=>"http://elasticsearch:9200/", :exception=>LogStash::Outputs::ElasticSearch::HttpClient::Pool::BadResponseCodeError, :message=>"Got response code '401' contacting Elasticsearch at URL 'http://elasticsearch:9200/'"}
[2025-06-22T05:58:42,534][ERROR][logstash.licensechecker.licensereader] Unable to retrieve license information from license server {:message=>"Got response code '401' contacting Elasticsearch at URL 'http://elasticsearch:9200/_xpack'"}
[2025-06-22T05:58:48,690][WARN ][logstash.licensechecker.licensereader] Attempted to resurrect connection to dead ES instance, but got an error {:url=>"http://elasticsearch:9200/", :exception=>LogStash::Outputs::ElasticSearch::HttpClient::Pool::BadResponseCodeError, :message=>"Got response code '401' contacting Elasticsearch at URL 'http://elasticsearch:9200/'"}
[2025-06-22T05:59:12,550][ERROR][logstash.licensechecker.licensereader] Unable to retrieve license information from license server {:message=>"Got response code '401' contacting Elasticsearch at URL 'http://elasticsearch:9200/_xpack'"}
[2025-06-22T05:59:18,814][WARN ][logstash.licensechecker.licensereader] Attempted to resurrect connection to dead ES instance, but got an error {:url=>"http://elasticsearch:9200/", :exception=>LogStash::Outputs::ElasticSearch::HttpClient::Pool::BadResponseCodeError, :message=>"Got response code '401' contacting Elasticsearch at URL 'http://elasticsearch:9200/'"}
[2025-06-22T05:59:42,541][ERROR][logstash.licensechecker.licensereader] Unable to retrieve license information from license server {:message=>"Got response code '401' contacting Elasticsearch at URL 'http://elasticsearch:9200/_xpack'"}
[2025-06-22T05:59:48,899][WARN ][logstash.licensechecker.licensereader] Attempted to resurrect connection to dead ES instance, but got an error {:url=>"http://elasticsearch:9200/", :exception=>LogStash::Outputs::ElasticSearch::HttpClient::Pool::BadResponseCodeError, :message=>"Got response code '401' contacting Elasticsearch at URL 'http://elasticsearch:9200/'"}
[2025-06-22T06:00:12,529][ERROR][logstash.licensechecker.licensereader] Unable to retrieve license information from license server {:message=>"Got response code '401' contacting Elasticsearch at URL 'http://elasticsearch:9200/_xpack'"}
[2025-06-22T06:00:19,077][WARN ][logstash.licensechecker.licensereader] Attempted to resurrect connection to dead ES instance, but got an error {:url=>"http://elasticsearch:9200/", :exception=>LogStash::Outputs::ElasticSearch::HttpClient::Pool::BadResponseCodeError, :message=>"Got response code '401' contacting Elasticsearch at URL 'http://elasticsearch:9200/'"}
[2025-06-22T06:00:42,530][ERROR][logstash.licensechecker.licensereader] Unable to retrieve license information from license server {:message=>"Got response code '401' contacting Elasticsearch at URL 'http://elasticsearch:9200/_xpack'"}
[2025-06-22T06:00:49,322][WARN ][logstash.licensechecker.licensereader] Attempted to resurrect connection to dead ES instance, but got an error {:url=>"http://elasticsearch:9200/", :exception=>LogStash::Outputs::ElasticSearch::HttpClient::Pool::BadResponseCodeError, :message=>"Got response code '401' contacting Elasticsearch at URL 'http://elasticsearch:9200/'"}
[2025-06-22T06:01:12,531][ERROR][logstash.licensechecker.licensereader] Unable to retrieve license information from license server {:message=>"Got response code '401' contacting Elasticsearch at URL 'http://elasticsearch:9200/_xpack'"}
[2025-06-22T06:01:19,369][WARN ][logstash.licensechecker.licensereader] Attempted to resurrect connection to dead ES instance, but got an error {:url=>"http://elasticsearch:9200/", :exception=>LogStash::Outputs::ElasticSearch::HttpClient::Pool::BadResponseCodeError, :message=>"Got response code '401' contacting Elasticsearch at URL 'http://elasticsearch:9200/'"}
[2025-06-22T06:01:42,542][ERROR][logstash.licensechecker.licensereader] Unable to retrieve license information from license server {:message=>"Got response code '401' contacting Elasticsearch at URL 'http://elasticsearch:9200/_xpack'"}
[2025-06-22T06:01:49,482][WARN ][logstash.licensechecker.licensereader] Attempted to resurrect connection to dead ES instance, but got an error {:url=>"http://elasticsearch:9200/", :exception=>LogStash::Outputs::ElasticSearch::HttpClient::Pool::BadResponseCodeError, :message=>"Got response code '401' contacting Elasticsearch at URL 'http://elasticsearch:9200/'"}
[2025-06-22T06:02:12,531][ERROR][logstash.licensechecker.licensereader] Unable to retrieve license information from license server {:message=>"Got response code '401' contacting Elasticsearch at URL 'http://elasticsearch:9200/_xpack'"}
[2025-06-22T06:02:19,540][WARN ][logstash.licensechecker.licensereader] Attempted to resurrect connection to dead ES instance, but got an error {:url=>"http://elasticsearch:9200/", :exception=>LogStash::Outputs::ElasticSearch::HttpClient::Pool::BadResponseCodeError, :message=>"Got response code '401' contacting Elasticsearch at URL 'http://elasticsearch:9200/'"}
[2025-06-22T06:02:42,540][ERROR][logstash.licensechecker.licensereader] Unable to retrieve license information from license server {:message=>"Got response code '401' contacting Elasticsearch at URL 'http://elasticsearch:9200/_xpack'"}
[2025-06-22T06:02:49,679][WARN ][logstash.licensechecker.licensereader] Attempted to resurrect connection to dead ES instance, but got an error {:url=>"http://elasticsearch:9200/", :exception=>LogStash::Outputs::ElasticSearch::HttpClient::Pool::BadResponseCodeError, :message=>"Got response code '401' contacting Elasticsearch at URL 'http://elasticsearch:9200/'"}
[2025-06-22T06:02:54,440][WARN ][logstash.runner          ] SIGTERM received. Shutting down.
[2025-06-22T06:02:54,500][INFO ][filewatch.observingtail  ] QUIT - closing all files and shutting down.
[2025-06-22T06:02:55,908][INFO ][logstash.javapipeline    ][main] Pipeline terminated {"pipeline.id"=>"main"}
[2025-06-22T06:02:56,753][INFO ][logstash.pipelinesregistry] Removed pipeline from registry successfully {:pipeline_id=>:main}
[2025-06-22T06:02:56,862][INFO ][logstash.runner          ] Logstash shut down.
