[33m[nodemon] 3.1.11[39m
[33m[nodemon] to restart at any time, enter `rs`[39m
[33m[nodemon] watching path(s): *.*[39m
[33m[nodemon] watching extensions: js,json[39m
[32m[nodemon] starting `node server.js`[39m
└── / (GET, HEAD)

Socket.IO path: /socket.io/
✅ Remote-player service running on port 3003 with Socket.IO
payload :  {
  user_id: 29,
  jti: 'bf7352b2e84cad746dc6ecc3a6e622d0',
  iat: 1768484063,
  exp: 1768487663
}
A
✅ Utilisateur authentifié: 29
payload :  {
  user_id: 29,
  jti: 'bf7352b2e84cad746dc6ecc3a6e622d0',
  iat: 1768484063,
  exp: 1768487663
}
A
✅ Utilisateur authentifié: 29
data:  { type: 'local' } uuid :  5ce6df0d-13e5-4a77-94ff-c761f205d40b
data:  { type: 'local' } uuid :  d88fd37e-2849-4215-a0c3-436d7ffbcf75
Game.startGame() called
data:  { type: 'local' } uuid :  1780f3d3-9324-4a7c-b9e1-a0c6c99f4a30
data:  { type: 'local' } uuid :  f5a95aae-75ce-4849-b20a-9aa9c4a2e3cb
