[33m[nodemon] 3.1.11[39m
[33m[nodemon] to restart at any time, enter `rs`[39m
[33m[nodemon] watching path(s): *.*[39m
[33m[nodemon] watching extensions: js,json[39m
[32m[nodemon] starting `node server.js`[39m
└── / (GET, HEAD)

Socket.IO path: /socket.io/
✅ Remote-player service running on port 3003 with Socket.IO
E
[33m[nodemon] 3.1.11[39m
[33m[nodemon] to restart at any time, enter `rs`[39m
[33m[nodemon] watching path(s): *.*[39m
[33m[nodemon] watching extensions: js,json[39m
[32m[nodemon] starting `node server.js`[39m
└── / (GET, HEAD)

Socket.IO path: /socket.io/
✅ Remote-player service running on port 3003 with Socket.IO
E
payload :  {
  user_id: 27,
  jti: 'c7fdaa881bc089547d6e8f9ec9a890e5',
  iat: 1765361886,
  exp: 1765365486
}
A
✅ Utilisateur authentifié: 27
data:  { type: 'local' } uuid :  3694ac95-ba12-4204-8100-3ef6347ff066
GameManager.startGame() called
data:  { type: 'local' } uuid :  50622133-d53f-4d31-a8cb-7da25443a84d
data:  { type: 'local' } uuid :  27c1df04-6058-4e9b-9e92-d5bef9813a95
data:  { type: 'local' } uuid :  98196f55-c211-42ff-b993-d7b7f9344bda
GameManager.startGame() called
data:  { type: 'local' } uuid :  84ff80b0-967d-4d5e-b089-1b7599550108
data:  { type: 'local' } uuid :  ada45e00-4b42-406b-8a23-06e3dc6e95c0
data:  { type: 'local' } uuid :  21357708-46bd-4aa7-9718-7b605ced5dc8
data:  { type: 'local' } uuid :  1a5076b4-a75a-45c4-bba4-67b94eb83dc3
payload :  {
  user_id: 27,
  jti: 'c7fdaa881bc089547d6e8f9ec9a890e5',
  iat: 1765361886,
  exp: 1765365486
}
A
✅ Utilisateur authentifié: 27
data:  { type: 'local' } uuid :  5fcfd5aa-c9bb-4afd-9ddc-e2a6beef5001
data:  { type: 'local' } uuid :  dd487b62-ed0d-4f53-94f5-2b2cb0686e20
payload :  {
  user_id: 27,
  jti: 'c7fdaa881bc089547d6e8f9ec9a890e5',
  iat: 1765361886,
  exp: 1765365486
}
A
✅ Utilisateur authentifié: 27
data:  { type: 'local' } uuid :  10ac7c37-367c-4f5a-841b-03330d062f2a
payload :  {
  user_id: 27,
  jti: 'c7fdaa881bc089547d6e8f9ec9a890e5',
  iat: 1765361886,
  exp: 1765365486
}
A
✅ Utilisateur authentifié: 27
data:  { type: 'local' } uuid :  1117990a-7b8d-4adb-81b2-5fbc0c12d04c
data:  { type: 'local' } uuid :  7feae22e-980d-48f7-9ab5-26193955f167
data:  { type: 'local' } uuid :  c0a630df-11fd-42e9-9d0e-09fadc093a0f
GameManager.startGame() called
payload :  {
  user_id: 27,
  jti: 'c7fdaa881bc089547d6e8f9ec9a890e5',
  iat: 1765361886,
  exp: 1765365486
}
A
✅ Utilisateur authentifié: 27
data:  { type: 'local' } uuid :  6776c23d-241f-4f54-aca1-698538f9703b
payload :  {
  user_id: 27,
  jti: 'c7fdaa881bc089547d6e8f9ec9a890e5',
  iat: 1765361886,
  exp: 1765365486
}
A
✅ Utilisateur authentifié: 27
payload :  {
  user_id: 27,
  jti: 'c7fdaa881bc089547d6e8f9ec9a890e5',
  iat: 1765361886,
  exp: 1765365486
}
A
✅ Utilisateur authentifié: 27
data:  { type: 'local' } uuid :  d3c9b9fb-2193-48b5-99dc-fbe0af150112
data:  { type: 'local' } uuid :  4b5f1d43-7b9f-4f4d-a7ec-ea1c0eb34b19
data:  { type: 'local' } uuid :  ec83169f-c790-40b6-821d-89321df609a1
GameManager.startGame() called
data:  { type: 'local' } uuid :  c0d6fe3e-b831-4c92-95b2-b729c26df198
payload :  {
  user_id: 27,
  jti: 'c7fdaa881bc089547d6e8f9ec9a890e5',
  iat: 1765361886,
  exp: 1765365486
}
A
✅ Utilisateur authentifié: 27
data:  { type: 'local' } uuid :  7f1f84a4-8099-4ce2-8b8e-0742ba08330f
data:  { type: 'local' } uuid :  b0ba1503-76d5-4d3e-9c66-33c4f8741722
data:  { type: 'local' } uuid :  11279384-9d81-48db-a783-3f21f5c48af5
GameManager.startGame() called
payload :  {
  user_id: 27,
  jti: 'c7fdaa881bc089547d6e8f9ec9a890e5',
  iat: 1765361886,
  exp: 1765365486
}
A
✅ Utilisateur authentifié: 27
data:  { type: 'local' } uuid :  1b00bf29-46cc-4340-b742-f74b951802c1
data:  { type: 'local' } uuid :  4157fb92-680a-439e-8e29-670ba2de4255
payload :  {
  user_id: 27,
  jti: 'c947167e6de47fa8d9beeee74d887317',
  iat: 1765363319,
  exp: 1765366919
}
A
✅ Utilisateur authentifié: 27
data:  { type: 'local' } uuid :  5ecd0950-ba16-49ee-917e-341f3fab159c
data:  { type: 'local' } uuid :  20682ed0-7610-4ae3-85be-a88285d989ce
data:  { type: 'local' } uuid :  51aff90f-6c12-4660-8d29-d73234a59675
data:  { type: 'local' } uuid :  1ffb7ada-e739-419b-9f8b-c7989b17d215
data:  { type: 'local' } uuid :  d9b1f638-064d-4522-8802-672aa44d7e2f
data:  { type: 'local' } uuid :  c06119a0-55e0-46fa-a885-36ff239f2192
GameManager.startGame() called
payload :  {
  user_id: 27,
  jti: 'c947167e6de47fa8d9beeee74d887317',
  iat: 1765363319,
  exp: 1765366919
}
A
✅ Utilisateur authentifié: 27
data:  { type: 'local' } uuid :  cafd445e-3fe8-48f5-b0b4-b1af8d236062
data:  { type: 'local' } uuid :  ecbe1e77-6799-4b4f-b608-55793292876e
data:  { type: 'local' } uuid :  cdfa2bdf-0978-4a7b-9cf7-728de9ad7b95
GameManager.startGame() called
payload :  {
  user_id: 27,
  jti: 'c947167e6de47fa8d9beeee74d887317',
  iat: 1765363319,
  exp: 1765366919
}
A
✅ Utilisateur authentifié: 27
data:  { type: 'local' } uuid :  ebbfb735-8b19-4099-9d96-ae5d73ed6669
GameManager.startGame() called
payload :  {
  user_id: 27,
  jti: 'c947167e6de47fa8d9beeee74d887317',
  iat: 1765363319,
  exp: 1765366919
}
A
✅ Utilisateur authentifié: 27
payload :  {
  user_id: 27,
  jti: 'c947167e6de47fa8d9beeee74d887317',
  iat: 1765363319,
  exp: 1765366919
}
A
✅ Utilisateur authentifié: 27
data:  { type: 'local' } uuid :  9b4a3b2e-fc56-4e12-9948-2e6f706b5bd7
data:  { type: 'local' } uuid :  b5795467-f87f-4732-92a4-0e616fa41714
data:  { type: 'local' } uuid :  2ceb66f6-4049-46a4-810c-9af297e8cd38
GameManager.startGame() called
payload :  {
  user_id: 27,
  jti: 'c947167e6de47fa8d9beeee74d887317',
  iat: 1765363319,
  exp: 1765366919
}
A
✅ Utilisateur authentifié: 27
GameManager.startGame() called
data:  { type: 'local' } uuid :  6e8c3dbb-0a23-4e63-8b4e-636a4c39cad1
payload :  {
  user_id: 27,
  jti: 'c947167e6de47fa8d9beeee74d887317',
  iat: 1765363319,
  exp: 1765366919
}
A
✅ Utilisateur authentifié: 27
data:  { type: 'local' } uuid :  346d1dc4-1207-4cb9-8927-faef2e30a709
data:  { type: 'local' } uuid :  a0d3827b-e8e9-4e6e-b0ab-f94355de7aea
GameManager.startGame() called
GameManager.startGame() called
